npm warn Unknown user config "always-auth". This will stop working in the next major version of npm.
Error: No tests found.
Make sure that arguments are regular expressions matching test files.
You may need to escape symbols like "$" or "*" and quote the arguments.

